// Jest Snapshot v1, https://goo.gl/fbAQLP

exports[`Pruebas en <AppRouter /> debe de mostrar el login en caso de no estar autenticado 1`] = `
<div>
  <div
    class="w-full md:grid md:grid-flow-col h-screen min-h-screen max-h-screen"
  >
    <div
      class="p-10 shadow-xl grid content-center min-h-full bg-white bg-[radial-gradient(#e5e7eb_1px,transparent_1px)] [background-size:16px_16px]"
    >
      <h3
        class="font-bold text-violet-700 text-4xl mb-6"
      >
        Sign in
      </h3>
      <form>
        <div
          class="my-2"
        >
          <input
            class="px-3 h-11 focus:bg-white w-full text-slate-600 rounded border placeholder-slate-400 spacing font-medium text-sm outline-none focus:ring ring-violet-300 focus:border-violet-500 transition-all duration-150 hover:border-violet-400 bg-slate-100 border-slate-300 py-2"
            name="loginEmail"
            placeholder="email"
            type="text"
            value=""
          />
        </div>
        <div
          class="my-2"
        >
          <input
            class="px-3 h-11 focus:bg-white w-full text-slate-600 rounded border placeholder-slate-400 spacing font-medium text-sm outline-none focus:ring ring-violet-300 focus:border-violet-500 transition-all duration-150 hover:border-violet-400 bg-slate-100 border-slate-300 py-2"
            name="loginPassword"
            placeholder="password"
            type="password"
            value=""
          />
        </div>
        <div
          class="my-2"
        >
          <input
            class="bg-gradient-to-r from-violet-600 to-violet-700 hover:scale-[1.02] transition-all duration-150  w-full h-12 rounded font-bold text-white cursor-pointer"
            type="submit"
            value="sign in"
          />
        </div>
      </form>
    </div>
    <div
      class="p-10 grid content-center min-h-full [background:radial-gradient(125%_125%_at_50%_10%,#100037_40%,#63e_100%)]"
    >
      <h3
        class="font-bold text-white text-4xl mb-6"
      >
        Sign up
      </h3>
      <form>
        <div
          class="my-2"
        >
          <input
            class="px-3 h-11 focus:bg-white w-full text-slate-600 rounded border placeholder-slate-400 spacing font-medium text-sm outline-none focus:ring ring-violet-300 focus:border-violet-500 transition-all duration-150 hover:border-violet-400 bg-slate-100 border-slate-300 py-2"
            name="registerName"
            placeholder="name"
            type="text"
            value=""
          />
        </div>
        <div
          class="my-2"
        >
          <input
            class="px-3 h-11 focus:bg-white w-full text-slate-600 rounded border placeholder-slate-400 spacing font-medium text-sm outline-none focus:ring ring-violet-300 focus:border-violet-500 transition-all duration-150 hover:border-violet-400 bg-slate-100 border-slate-300 py-2"
            name="registerEmail"
            placeholder="email"
            type="email"
            value=""
          />
        </div>
        <div
          class="my-2"
        >
          <input
            class="px-3 h-11 focus:bg-white w-full text-slate-600 rounded border placeholder-slate-400 spacing font-medium text-sm outline-none focus:ring ring-violet-300 focus:border-violet-500 transition-all duration-150 hover:border-violet-400 bg-slate-100 border-slate-300 py-2"
            name="registerPassword"
            placeholder="password"
            type="password"
            value=""
          />
        </div>
        <div
          class="my-2"
        >
          <input
            class="px-3 h-11 focus:bg-white w-full text-slate-600 rounded border placeholder-slate-400 spacing font-medium text-sm outline-none focus:ring ring-violet-300 focus:border-violet-500 transition-all duration-150 hover:border-violet-400 bg-slate-100 border-slate-300 py-2"
            name="registerConfirmPassword"
            placeholder="repeat your password"
            type="password"
            value=""
          />
        </div>
        <div
          class="my-2"
        >
          <input
            class="bg-gradient-to-r from-violet-600 to-violet-700 hover:scale-[1.02] transition-all duration-150  w-full h-12 rounded font-bold text-white cursor-pointer"
            type="submit"
            value="sign up"
          />
        </div>
      </form>
    </div>
  </div>
</div>
`;
